---
source: src/db/key.rs
expression: serialized
---
[
    [
        0,
        0,
        35,
        0,
        0,
        97,
        98,
        99,
        2,
    ],
    [
        0,
        0,
        42,
        0,
        0,
        97,
        98,
        99,
        0,
    ],
    [
        0,
        0,
        42,
        0,
        0,
        97,
        98,
        99,
        2,
    ],
    [
        0,
        0,
        42,
        0,
        0,
        97,
        98,
        99,
        4,
        0,
        0,
        0,
        24,
    ],
    [
        0,
        0,
        42,
        0,
        0,
        97,
        98,
        99,
        4,
        0,
        0,
        0,
        42,
    ],
    [
        0,
        0,
        42,
        1,
        0,
        0,
        0,
        0,
    ],
    [
        0,
        0,
        42,
        1,
        0,
        0,
        0,
        2,
    ],
]
